test
111111
V1.1.1
V11212